
<article class="socialshareprivacy_pluginfo">
  <h1>Socialshareprivacy 2.0-dev</h1>
  <section class="socialshareprivacy_syscheck">
    <h2>System check</h2>
    <p class="xh_fail">PHP version ≥ 7.4.0</p>
    <p class="xh_fail">CMSimple_XH version ≥ 1.7.0</p>
    <p class="xh_fail">Plib_XH version ≥ 1.10</p>
    <p class="xh_warning">Folder './plugins/socialshareprivacyconfig/' writable</p>
    <p class="xh_warning">Folder './plugins/socialshareprivacycss/' writable</p>
    <p class="xh_warning">Folder './plugins/socialshareprivacylanguages/' writable</p>
  </section>
</article>
