<h4>System check</h4>
<img src="./plugins/socialshareprivacyimages/fail.png" alt="Failure">&nbsp;&nbsp;PHP version &ge; 7.4.0<br>
<img src="./plugins/socialshareprivacyimages/fail.png" alt="Failure">&nbsp;&nbsp;CMSimple_XH version &ge; 1.7.0<br><br>
<img src="./plugins/socialshareprivacyimages/warn.png" alt="Warning">&nbsp;&nbsp;Folder './plugins/socialshareprivacyconfig/' writable<br>
<img src="./plugins/socialshareprivacyimages/warn.png" alt="Warning">&nbsp;&nbsp;Folder './plugins/socialshareprivacycss/' writable<br>
<img src="./plugins/socialshareprivacyimages/warn.png" alt="Warning">&nbsp;&nbsp;Folder './plugins/socialshareprivacylanguages/' writable<br>
